Archive member included to satisfy reference by file (symbol)

D:/STM32CubeIDE_2.0.0/STM32CubeIDE/plugins/com.st.stm32cube.ide.mcu.externaltools.gnu-tools-for-stm32.14.3.rel1.win32_1.0.100.202602081740/tools/bin/../lib/gcc/arm-none-eabi/14.3.1/../../../../arm-none-eabi/lib/thumb/v7e-m+fp/hard\libc_nano.a(libc_a-exit.o)
                              D:/STM32CubeIDE_2.0.0/STM32CubeIDE/plugins/com.st.stm32cube.ide.mcu.externaltools.gnu-tools-for-stm32.14.3.rel1.win32_1.0.100.202602081740/tools/bin/../lib/gcc/arm-none-eabi/14.3.1/../../../../arm-none-eabi/lib/thumb/v7e-m+fp/hard/crt0.o (exit)
D:/STM32CubeIDE_2.0.0/STM32CubeIDE/plugins/com.st.stm32cube.ide.mcu.externaltools.gnu-tools-for-stm32.14.3.rel1.win32_1.0.100.202602081740/tools/bin/../lib/gcc/arm-none-eabi/14.3.1/../../../../arm-none-eabi/lib/thumb/v7e-m+fp/hard\libc_nano.a(libc_a-findfp.o)
                              D:/STM32CubeIDE_2.0.0/STM32CubeIDE/plugins/com.st.stm32cube.ide.mcu.externaltools.gnu-tools-for-stm32.14.3.rel1.win32_1.0.100.202602081740/tools/bin/../lib/gcc/arm-none-eabi/14.3.1/../../../../arm-none-eabi/lib/thumb/v7e-m+fp/hard\libc_nano.a(libc_a-exit.o) (__stdio_exit_handler)
D:/STM32CubeIDE_2.0.0/STM32CubeIDE/plugins/com.st.stm32cube.ide.mcu.externaltools.gnu-tools-for-stm32.14.3.rel1.win32_1.0.100.202602081740/tools/bin/../lib/gcc/arm-none-eabi/14.3.1/../../../../arm-none-eabi/lib/thumb/v7e-m+fp/hard\libc_nano.a(libc_a-fwalk.o)
                              D:/STM32CubeIDE_2.0.0/STM32CubeIDE/plugins/com.st.stm32cube.ide.mcu.externaltools.gnu-tools-for-stm32.14.3.rel1.win32_1.0.100.202602081740/tools/bin/../lib/gcc/arm-none-eabi/14.3.1/../../../../arm-none-eabi/lib/thumb/v7e-m+fp/hard\libc_nano.a(libc_a-findfp.o) (_fwalk_sglue)
D:/STM32CubeIDE_2.0.0/STM32CubeIDE/plugins/com.st.stm32cube.ide.mcu.externaltools.gnu-tools-for-stm32.14.3.rel1.win32_1.0.100.202602081740/tools/bin/../lib/gcc/arm-none-eabi/14.3.1/../../../../arm-none-eabi/lib/thumb/v7e-m+fp/hard\libc_nano.a(libc_a-stdio.o)
                              D:/STM32CubeIDE_2.0.0/STM32CubeIDE/plugins/com.st.stm32cube.ide.mcu.externaltools.gnu-tools-for-stm32.14.3.rel1.win32_1.0.100.202602081740/tools/bin/../lib/gcc/arm-none-eabi/14.3.1/../../../../arm-none-eabi/lib/thumb/v7e-m+fp/hard\libc_nano.a(libc_a-findfp.o) (__sread)
D:/STM32CubeIDE_2.0.0/STM32CubeIDE/plugins/com.st.stm32cube.ide.mcu.externaltools.gnu-tools-for-stm32.14.3.rel1.win32_1.0.100.202602081740/tools/bin/../lib/gcc/arm-none-eabi/14.3.1/../../../../arm-none-eabi/lib/thumb/v7e-m+fp/hard\libc_nano.a(libc_a-memset.o)
                              D:/STM32CubeIDE_2.0.0/STM32CubeIDE/plugins/com.st.stm32cube.ide.mcu.externaltools.gnu-tools-for-stm32.14.3.rel1.win32_1.0.100.202602081740/tools/bin/../lib/gcc/arm-none-eabi/14.3.1/../../../../arm-none-eabi/lib/thumb/v7e-m+fp/hard/crt0.o (memset)
D:/STM32CubeIDE_2.0.0/STM32CubeIDE/plugins/com.st.stm32cube.ide.mcu.externaltools.gnu-tools-for-stm32.14.3.rel1.win32_1.0.100.202602081740/tools/bin/../lib/gcc/arm-none-eabi/14.3.1/../../../../arm-none-eabi/lib/thumb/v7e-m+fp/hard\libc_nano.a(libc_a-closer.o)
                              D:/STM32CubeIDE_2.0.0/STM32CubeIDE/plugins/com.st.stm32cube.ide.mcu.externaltools.gnu-tools-for-stm32.14.3.rel1.win32_1.0.100.202602081740/tools/bin/../lib/gcc/arm-none-eabi/14.3.1/../../../../arm-none-eabi/lib/thumb/v7e-m+fp/hard\libc_nano.a(libc_a-stdio.o) (_close_r)
D:/STM32CubeIDE_2.0.0/STM32CubeIDE/plugins/com.st.stm32cube.ide.mcu.externaltools.gnu-tools-for-stm32.14.3.rel1.win32_1.0.100.202602081740/tools/bin/../lib/gcc/arm-none-eabi/14.3.1/../../../../arm-none-eabi/lib/thumb/v7e-m+fp/hard\libc_nano.a(libc_a-reent.o)
                              D:/STM32CubeIDE_2.0.0/STM32CubeIDE/plugins/com.st.stm32cube.ide.mcu.externaltools.gnu-tools-for-stm32.14.3.rel1.win32_1.0.100.202602081740/tools/bin/../lib/gcc/arm-none-eabi/14.3.1/../../../../arm-none-eabi/lib/thumb/v7e-m+fp/hard\libc_nano.a(libc_a-closer.o) (errno)
D:/STM32CubeIDE_2.0.0/STM32CubeIDE/plugins/com.st.stm32cube.ide.mcu.externaltools.gnu-tools-for-stm32.14.3.rel1.win32_1.0.100.202602081740/tools/bin/../lib/gcc/arm-none-eabi/14.3.1/../../../../arm-none-eabi/lib/thumb/v7e-m+fp/hard\libc_nano.a(libc_a-impure.o)
                              D:/STM32CubeIDE_2.0.0/STM32CubeIDE/plugins/com.st.stm32cube.ide.mcu.externaltools.gnu-tools-for-stm32.14.3.rel1.win32_1.0.100.202602081740/tools/bin/../lib/gcc/arm-none-eabi/14.3.1/../../../../arm-none-eabi/lib/thumb/v7e-m+fp/hard\libc_nano.a(libc_a-reent.o) (_impure_ptr)
D:/STM32CubeIDE_2.0.0/STM32CubeIDE/plugins/com.st.stm32cube.ide.mcu.externaltools.gnu-tools-for-stm32.14.3.rel1.win32_1.0.100.202602081740/tools/bin/../lib/gcc/arm-none-eabi/14.3.1/../../../../arm-none-eabi/lib/thumb/v7e-m+fp/hard\libc_nano.a(libc_a-lseekr.o)
[...]
Memory Configuration

Name             Origin             Length             Attributes
RAM              0x20000000         0x00020000         xrw
FLASH            0x08000000         0x00080000         xr
*default*        0x00000000         0xffffffff

Linker script and memory map

LOAD D:/STM32CubeIDE_2.0.0/STM32CubeIDE/plugins/com.st.stm32cube.ide.mcu.externaltools.gnu-tools-for-stm32.14.3.rel1.win32_1.0.100.202602081740/tools/bin/../lib/gcc/arm-none-eabi/14.3.1/thumb/v7e-m+fp/hard/crti.o
LOAD D:/STM32CubeIDE_2.0.0/STM32CubeIDE/plugins/com.st.stm32cube.ide.mcu.externaltools.gnu-tools-for-stm32.14.3.rel1.win32_1.0.100.202602081740/tools/bin/../lib/gcc/arm-none-eabi/14.3.1/thumb/v7e-m+fp/hard/crtbegin.o
LOAD D:/STM32CubeIDE_2.0.0/STM32CubeIDE/plugins/com.st.stm32cube.ide.mcu.externaltools.gnu-tools-for-stm32.14.3.rel1.win32_1.0.100.202602081740/tools/bin/../lib/gcc/arm-none-eabi/14.3.1/../../../../arm-none-eabi/lib/thumb/v7e-m+fp/hard/crt0.o
LOAD ./Src/STM32f446re_GPIO.o
LOAD ./Src/STM32f446re_SPI_driver.o
LOAD ./Src/spi_senddata.o
LOAD ./Src/syscalls.o
LOAD ./Src/sysmem.o
LOAD ./Startup/startup_stm32f446retx.o
START GROUP
LOAD D:/STM32CubeIDE_2.0.0/STM32CubeIDE/plugins/com.st.stm32cube.ide.mcu.externaltools.gnu-tools-for-stm32.14.3.rel1.win32_1.0.100.202602081740/tools/bin/../lib/gcc/arm-none-eabi/14.3.1/../../../../arm-none-eabi/lib/thumb/v7e-m+fp/hard\libc_nano.a
LOAD D:/STM32CubeIDE_2.0.0/STM32CubeIDE/plugins/com.st.stm32cube.ide.mcu.externaltools.gnu-tools-for-stm32.14.3.rel1.win32_1.0.100.202602081740/tools/bin/../lib/gcc/arm-none-eabi/14.3.1/../../../../arm-none-eabi/lib/thumb/v7e-m+fp/hard\libm.a
END GROUP
START GROUP
LOAD D:/STM32CubeIDE_2.0.0/STM32CubeIDE/plugins/com.st.stm32cube.ide.mcu.externaltools.gnu-tools-for-stm32.14.3.rel1.win32_1.0.100.202602081740/tools/bin/../lib/gcc/arm-none-eabi/14.3.1/thumb/v7e-m+fp/hard\libgcc.a
LOAD D:/STM32CubeIDE_2.0.0/STM32CubeIDE/plugins/com.st.stm32cube.ide.mcu.externaltools.gnu-tools-for-stm32.14.3.rel1.win32_1.0.100.202602081740/tools/bin/../lib/gcc/arm-none-eabi/14.3.1/../../../../arm-none-eabi/lib/thumb/v7e-m+fp/hard\libc_nano.a
END GROUP
START GROUP
LOAD D:/STM32CubeIDE_2.0.0/STM32CubeIDE/plugins/com.st.stm32cube.ide.mcu.externaltools.gnu-tools-for-stm32.14.3.rel1.win32_1.0.100.202602081740/tools/bin/../lib/gcc/arm-none-eabi/14.3.1/thumb/v7e-m+fp/hard\libgcc.a
LOAD D:/STM32CubeIDE_2.0.0/STM32CubeIDE/plugins/com.st.stm32cube.ide.mcu.externaltools.gnu-tools-for-stm32.14.3.rel1.win32_1.0.100.202602081740/tools/bin/../lib/gcc/arm-none-eabi/14.3.1/../../../../arm-none-eabi/lib/thumb/v7e-m+fp/hard\libc_nano.a
LOAD D:/STM32CubeIDE_2.0.0/STM32CubeIDE/plugins/com.st.stm32cube.ide.mcu.externaltools.gnu-tools-for-stm32.14.3.rel1.win32_1.0.100.202602081740/tools/bin/../lib/gcc/arm-none-eabi/14.3.1/../../../../arm-none-eabi/lib/thumb/v7e-m+fp/hard\libnosys.a
END GROUP
START GROUP
LOAD D:/STM32CubeIDE_2.0.0/STM32CubeIDE/plugins/com.st.stm32cube.ide.mcu.externaltools.gnu-tools-for-stm32.14.3.rel1.win32_1.0.100.202602081740/tools/bin/../lib/gcc/arm-none-eabi/14.3.1/thumb/v7e-m+fp/hard\libgcc.a
LOAD D:/STM32CubeIDE_2.0.0/STM32CubeIDE/plugins/com.st.stm32cube.ide.mcu.externaltools.gnu-tools-for-stm32.14.3.rel1.win32_1.0.100.202602081740/tools/bin/../lib/gcc/arm-none-eabi/14.3.1/../../../../arm-none-eabi/lib/thumb/v7e-m+fp/hard\libc_nano.a
LOAD D:/STM32CubeIDE_2.0.0/STM32CubeIDE/plugins/com.st.stm32cube.ide.mcu.externaltools.gnu-tools-for-stm32.14.3.rel1.win32_1.0.100.202602081740/tools/bin/../lib/gcc/arm-none-eabi/14.3.1/../../../../arm-none-eabi/lib/thumb/v7e-m+fp/hard\libnosys.a
END GROUP
LOAD D:/STM32CubeIDE_2.0.0/STM32CubeIDE/plugins/com.st.stm32cube.ide.mcu.externaltools.gnu-tools-for-stm32.14.3.rel1.win32_1.0.100.202602081740/tools/bin/../lib/gcc/arm-none-eabi/14.3.1/thumb/v7e-m+fp/hard/crtend.o
LOAD D:/STM32CubeIDE_2.0.0/STM32CubeIDE/plugins/com.st.stm32cube.ide.mcu.externaltools.gnu-tools-for-stm32.14.3.rel1.win32_1.0.100.202602081740/tools/bin/../lib/gcc/arm-none-eabi/14.3.1/thumb/v7e-m+fp/hard/crtn.o
                0x20020000                        _estack = (ORIGIN (RAM) + LENGTH (RAM))
                0x00000200                        _Min_Heap_Size = 0x200
                0x00000400                        _Min_Stack_Size = 0x400

.isr_vector     0x08000000      0x1c4
                0x08000000                        . = ALIGN (0x4)
 *(.isr_vector)
 .isr_vector    0x08000000      0x1c4 ./Startup/startup_stm32f446retx.o
                0x08000000                g_pfnVectors
                0x080001c4                        . = ALIGN (0x4)

.text           0x080001c4      0xa60
                0x080001c4                        . = ALIGN (0x4)
 *(.text)
 .text          0x080001c4       0x40 D:/STM32CubeIDE_2.0.0/STM32CubeIDE/plugins/com.st.stm32cube.ide.mcu.externaltools.gnu-tools-for-stm32.14.3.rel1.win32_1.0.100.202602081740/tools/bin/../lib/gcc/arm-none-eabi/14.3.1/thumb/v7e-m+fp/hard/crtbegin.o
 .text          0x08000204       0x10 D:/STM32CubeIDE_2.0.0/STM32CubeIDE/plugins/com.st.stm32cube.ide.mcu.externaltools.gnu-tools-for-stm32.14.3.rel1.win32_1.0.100.202602081740/tools/bin/../lib/gcc/arm-none-eabi/14.3.1/../../../../arm-none-eabi/lib/thumb/v7e-m+fp/hard\libc_nano.a(libc_a-strlen.o)
                0x08000204                strlen
 *(.text*)
 .text.GPIO_PeriClockControl
                0x08000214      0x1a0 ./Src/STM32f446re_GPIO.o
                0x08000214                GPIO_PeriClockControl
 .text.GPIO_Init
                0x080003b4      0x340 ./Src/STM32f446re_GPIO.o
                0x080003b4                GPIO_Init
 .text.GPIO_WriteToPin
                0x080006f4       0x4a ./Src/STM32f446re_GPIO.o
                0x080006f4                GPIO_WriteToPin
 *fill*         0x0800073e        0x2 
 .text.SPI_PeriClockControl
                0x08000740       0xe0 ./Src/STM32f446re_SPI_driver.o
                0x08000740                SPI_PeriClockControl
 .text.SPI_Init
                0x08000820       0xb4 ./Src/STM32f446re_SPI_driver.o
                0x08000820                SPI_Init
 .text.SPI_SendData
                0x080008d4       0x92 ./Src/STM32f446re_SPI_driver.o
                0x080008d4                SPI_SendData
 .text.Get_Flag_Status
                0x08000966       0x28 ./Src/STM32f446re_SPI_driver.o
                0x08000966                Get_Flag_Status
 .text.SPI_PeripheralControl
                0x0800098e       0x38 ./Src/STM32f446re_SPI_driver.o
                0x0800098e                SPI_PeripheralControl
 .text.SPI_SSIConfig
                0x080009c6       0x38 ./Src/STM32f446re_SPI_driver.o
                0x080009c6                SPI_SSIConfig
 *fill*         0x080009fe        0x2 
 .text.SPI2_GPIO_Init
                0x08000a00       0x68 ./Src/spi_senddata.o
                0x08000a00                SPI2_GPIO_Init
 .text.SPI2_Init
                0x08000a68       0x3c ./Src/spi_senddata.o
                0x08000a68                SPI2_Init
 .text.delay    0x08000aa4       0x38 ./Src/spi_senddata.o
                0x08000aa4                delay
 .text.main     0x08000adc       0x94 ./Src/spi_senddata.o
                0x08000adc                main
 .text.Reset_Handler
                0x08000b70       0x50 ./Startup/startup_stm32f446retx.o
                0x08000b70                Reset_Handler
 .text.Default_Handler
                0x08000bc0        0x2 ./Startup/startup_stm32f446retx.o
                0x08000bc0                RTC_Alarm_IRQHandler
                0x08000bc0                EXTI2_IRQHandler
                0x08000bc0                TIM8_CC_IRQHandler
                0x08000bc0                SPDIF_Rx_IRQHandler
                0x08000bc0                DebugMon_Handler
                0x08000bc0                SPI4_IRQHandler
                0x08000bc0                TIM1_CC_IRQHandler
                0x08000bc0                QuadSPI_IRQHandler
                0x08000bc0                DMA2_Stream5_IRQHandler
                0x08000bc0                HardFault_Handler
                0x08000bc0                DMA1_Stream5_IRQHandler
                0x08000bc0                SysTick_Handler
                0x08000bc0                PVD_IRQHandler
                0x08000bc0                SDIO_IRQHandler
                0x08000bc0                TAMP_STAMP_IRQHandler
                0x08000bc0                PendSV_Handler
                0x08000bc0                NMI_Handler
                0x08000bc0                CAN2_RX1_IRQHandler
                0x08000bc0                EXTI3_IRQHandler
                0x08000bc0                TIM8_TRG_COM_TIM14_IRQHandler
                0x08000bc0                TIM1_UP_TIM10_IRQHandler
                0x08000bc0                FMPI2C1_error_IRQHandler
                0x08000bc0                TIM8_UP_TIM13_IRQHandler
                0x08000bc0                I2C3_ER_IRQHandler
                0x08000bc0                EXTI0_IRQHandler
                0x08000bc0                I2C2_EV_IRQHandler
                0x08000bc0                DMA1_Stream2_IRQHandler
                0x08000bc0                CAN1_RX0_IRQHandler
                0x08000bc0                OTG_HS_WKUP_IRQHandler
                0x08000bc0                UsageFault_Handler
                0x08000bc0                CAN2_SCE_IRQHandler
                0x08000bc0                DMA2_Stream2_IRQHandler
                0x08000bc0                SPI1_IRQHandler
                0x08000bc0                TIM6_DAC_IRQHandler
                0x08000bc0                TIM1_BRK_TIM9_IRQHandler
                0x08000bc0                DCMI_IRQHandler
                0x08000bc0                CAN2_RX0_IRQHandler
                0x08000bc0                DMA2_Stream3_IRQHandler
                0x08000bc0                FMPI2C1_IRQHandler
                0x08000bc0                SAI2_IRQHandler
                0x08000bc0                USART6_IRQHandler
                0x08000bc0                USART3_IRQHandler
                0x08000bc0                CAN1_RX1_IRQHandler
                0x08000bc0                UART5_IRQHandler
                0x08000bc0                DMA2_Stream0_IRQHandler
                0x08000bc0                TIM4_IRQHandler
                0x08000bc0                I2C1_EV_IRQHandler
                0x08000bc0                HDMI_CEC_IRQHandler
                0x08000bc0                DMA1_Stream6_IRQHandler
                0x08000bc0                DMA1_Stream1_IRQHandler
                0x08000bc0                UART4_IRQHandler
                0x08000bc0                TIM3_IRQHandler
                0x08000bc0                RCC_IRQHandler
                0x08000bc0                TIM8_BRK_TIM12_IRQHandler
                0x08000bc0                Default_Handler
                0x08000bc0                EXTI15_10_IRQHandler
                0x08000bc0                ADC_IRQHandler
                0x08000bc0                DMA1_Stream7_IRQHandler
                0x08000bc0                TIM7_IRQHandler
                0x08000bc0                CAN2_TX_IRQHandler
                0x08000bc0                TIM5_IRQHandler
                0x08000bc0                DMA2_Stream7_IRQHandler
                0x08000bc0                I2C3_EV_IRQHandler
                0x08000bc0                EXTI9_5_IRQHandler
                0x08000bc0                RTC_WKUP_IRQHandler
                0x08000bc0                SPI2_IRQHandler
                0x08000bc0                OTG_HS_EP1_IN_IRQHandler
                0x08000bc0                MemManage_Handler
                0x08000bc0                DMA1_Stream0_IRQHandler
                0x08000bc0                CAN1_TX_IRQHandler
                0x08000bc0                SVC_Handler
                0x08000bc0                EXTI4_IRQHandler
                0x08000bc0                OTG_HS_EP1_OUT_IRQHandler
                0x08000bc0                WWDG_IRQHandler
                0x08000bc0                TIM2_IRQHandler
                0x08000bc0                OTG_FS_WKUP_IRQHandler
                0x08000bc0                TIM1_TRG_COM_TIM11_IRQHandler
                0x08000bc0                OTG_HS_IRQHandler
                0x08000bc0                EXTI1_IRQHandler
                0x08000bc0                USART2_IRQHandler
                0x08000bc0                I2C2_ER_IRQHandler
                0x08000bc0                DMA2_Stream1_IRQHandler
                0x08000bc0                CAN1_SCE_IRQHandler
                0x08000bc0                FLASH_IRQHandler
                0x08000bc0                DMA2_Stream4_IRQHandler
                0x08000bc0                BusFault_Handler
                0x08000bc0                USART1_IRQHandler
                0x08000bc0                OTG_FS_IRQHandler
                0x08000bc0                SPI3_IRQHandler
                0x08000bc0                DMA1_Stream4_IRQHandler
                0x08000bc0                I2C1_ER_IRQHandler
                0x08000bc0                FMC_IRQHandler
                0x08000bc0                DMA2_Stream6_IRQHandler
                0x08000bc0                SAI1_IRQHandler
                0x08000bc0                DMA1_Stream3_IRQHandler
 *fill*         0x08000bc2        0x2 
 .text.__libc_init_array
                0x08000bc4       0x48 D:/STM32CubeIDE_2.0.0/STM32CubeIDE/plugins/com.st.stm32cube.ide.mcu.externaltools.gnu-tools-for-stm32.14.3.rel1.win32_1.0.100.202602081740/tools/bin/../lib/gcc/arm-none-eabi/14.3.1/../../../../arm-none-eabi/lib/thumb/v7e-m+fp/hard\libc_nano.a(libc_a-init.o)
                0x08000bc4                __libc_init_array
 *(.glue_7)
 .glue_7        0x08000c0c        0x0 linker stubs
 *(.glue_7t)
 .glue_7t       0x08000c0c        0x0 linker stubs
 *(.eh_frame)
 .eh_frame      0x08000c0c        0x0 D:/STM32CubeIDE_2.0.0/STM32CubeIDE/plugins/com.st.stm32cube.ide.mcu.externaltools.gnu-tools-for-stm32.14.3.rel1.win32_1.0.100.202602081740/tools/bin/../lib/gcc/arm-none-eabi/14.3.1/thumb/v7e-m+fp/hard/crtbegin.o
 *(.init)
 .init          0x08000c0c        0x4 D:/STM32CubeIDE_2.0.0/STM32CubeIDE/plugins/com.st.stm32cube.ide.mcu.externaltools.gnu-tools-for-stm32.14.3.rel1.win32_1.0.100.202602081740/tools/bin/../lib/gcc/arm-none-eabi/14.3.1/thumb/v7e-m+fp/hard/crti.o
                0x08000c0c                _init
 .init          0x08000c10        0x8 D:/STM32CubeIDE_2.0.0/STM32CubeIDE/plugins/com.st.stm32cube.ide.mcu.externaltools.gnu-tools-for-stm32.14.3.rel1.win32_1.0.100.202602081740/tools/bin/../lib/gcc/arm-none-eabi/14.3.1/thumb/v7e-m+fp/hard/crtn.o
 *(.fini)
 .fini          0x08000c18        0x4 D:/STM32CubeIDE_2.0.0/STM32CubeIDE/plugins/com.st.stm32cube.ide.mcu.externaltools.gnu-tools-for-stm32.14.3.rel1.win32_1.0.100.202602081740/tools/bin/../lib/gcc/arm-none-eabi/14.3.1/thumb/v7e-m+fp/hard/crti.o
                0x08000c18                _fini
 .fini          0x08000c1c        0x8 D:/STM32CubeIDE_2.0.0/STM32CubeIDE/plugins/com.st.stm32cube.ide.mcu.externaltools.gnu-tools-for-stm32.14.3.rel1.win32_1.0.100.202602081740/tools/bin/../lib/gcc/arm-none-eabi/14.3.1/thumb/v7e-m+fp/hard/crtn.o
                0x08000c24                        . = ALIGN (0x4)
                0x08000c24                        _etext = .

.vfp11_veneer   0x08000c24        0x0
 .vfp11_veneer  0x08000c24        0x0 linker stubs

.v4_bx          0x08000c24        0x0
 .v4_bx         0x08000c24        0x0 linker stubs

.iplt           0x08000c24        0x0
 .iplt          0x08000c24        0x0 D:/STM32CubeIDE_2.0.0/STM32CubeIDE/plugins/com.st.stm32cube.ide.mcu.externaltools.gnu-tools-for-stm32.14.3.rel1.win32_1.0.100.202602081740/tools/bin/../lib/gcc/arm-none-eabi/14.3.1/thumb/v7e-m+fp/hard/crtbegin.o

.rodata         0x08000c24       0x18
                0x08000c24                        . = ALIGN (0x4)
 *(.rodata)
 .rodata        0x08000c24       0x15 ./Src/spi_senddata.o
 *(.rodata*)
                0x08000c3c                        . = ALIGN (0x4)
 *fill*         0x08000c39        0x3 

.ARM.extab      0x08000c3c        0x0
                0x08000c3c                        . = ALIGN (0x4)
 *(.ARM.extab* .gnu.linkonce.armextab.*)
                0x08000c3c                        . = ALIGN (0x4)

.ARM            0x08000c3c        0x8
                0x08000c3c                        . = ALIGN (0x4)
                0x08000c3c                        __exidx_start = .
 *(.ARM.exidx*)
 .ARM.exidx     0x08000c3c        0x8 D:/STM32CubeIDE_2.0.0/STM32CubeIDE/plugins/com.st.stm32cube.ide.mcu.externaltools.gnu-tools-for-stm32.14.3.rel1.win32_1.0.100.202602081740/tools/bin/../lib/gcc/arm-none-eabi/14.3.1/../../../../arm-none-eabi/lib/thumb/v7e-m+fp/hard\libc_nano.a(libc_a-strlen.o)
                0x08000c44                        __exidx_end = .
                0x08000c44                        . = ALIGN (0x4)

.preinit_array  0x08000c44        0x0
                0x08000c44                        . = ALIGN (0x4)
                0x08000c44                        PROVIDE (__preinit_array_start = .)
 *(.preinit_array*)
                0x08000c44                        PROVIDE (__preinit_array_end = .)
                0x08000c44                        . = ALIGN (0x4)

.init_array     0x08000c44        0x4
                0x08000c44                        . = ALIGN (0x4)
                0x08000c44                        PROVIDE (__init_array_start = .)
 *(SORT_BY_NAME(.init_array.*))
 *(.init_array*)
 .init_array    0x08000c44        0x4 D:/STM32CubeIDE_2.0.0/STM32CubeIDE/plugins/com.st.stm32cube.ide.mcu.externaltools.gnu-tools-for-stm32.14.3.rel1.win32_1.0.100.202602081740/tools/bin/../lib/gcc/arm-none-eabi/14.3.1/thumb/v7e-m+fp/hard/crtbegin.o
                0x08000c48                        PROVIDE (__init_array_end = .)
                0x08000c48                        . = ALIGN (0x4)

.fini_array     0x08000c48        0x4
                0x08000c48                        . = ALIGN (0x4)
                [!provide]                        PROVIDE (__fini_array_start = .)
 *(SORT_BY_NAME(.fini_array.*))
 *(.fini_array*)
 .fini_array    0x08000c48        0x4 D:/STM32CubeIDE_2.0.0/STM32CubeIDE/plugins/com.st.stm32cube.ide.mcu.externaltools.gnu-tools-for-stm32.14.3.rel1.win32_1.0.100.202602081740/tools/bin/../lib/gcc/arm-none-eabi/14.3.1/thumb/v7e-m+fp/hard/crtbegin.o
                [!provide]                        PROVIDE (__fini_array_end = .)
                0x08000c4c                        . = ALIGN (0x4)
                0x08000c4c                        _sidata = LOADADDR (.data)

.rel.dyn        0x08000c4c        0x0
 .rel.iplt      0x08000c4c        0x0 D:/STM32CubeIDE_2.0.0/STM32CubeIDE/plugins/com.st.stm32cube.ide.mcu.externaltools.gnu-tools-for-stm32.14.3.rel1.win32_1.0.100.202602081740/tools/bin/../lib/gcc/arm-none-eabi/14.3.1/thumb/v7e-m+fp/hard/crtbegin.o

.data           0x20000000        0x0 load address 0x08000c4c
                0x20000000                        . = ALIGN (0x4)
                0x20000000                        _sdata = .
 *(.data)
 *(.data*)
 *(.RamFunc)
 *(.RamFunc*)
                0x20000000                        . = ALIGN (0x4)
                0x20000000                        _edata = .

.igot.plt       0x20000000        0x0 load address 0x08000c4c
 .igot.plt      0x20000000        0x0 D:/STM32CubeIDE_2.0.0/STM32CubeIDE/plugins/com.st.stm32cube.ide.mcu.externaltools.gnu-tools-for-stm32.14.3.rel1.win32_1.0.100.202602081740/tools/bin/../lib/gcc/arm-none-eabi/14.3.1/thumb/v7e-m+fp/hard/crtbegin.o
                0x20000000                        . = ALIGN (0x4)

.bss            0x20000000       0x1c load address 0x08000c4c
                0x20000000                        _sbss = .
                0x20000000                        __bss_start__ = _sbss
 *(.bss)
 .bss           0x20000000       0x1c D:/STM32CubeIDE_2.0.0/STM32CubeIDE/plugins/com.st.stm32cube.ide.mcu.externaltools.gnu-tools-for-stm32.14.3.rel1.win32_1.0.100.202602081740/tools/bin/../lib/gcc/arm-none-eabi/14.3.1/thumb/v7e-m+fp/hard/crtbegin.o
 *(.bss*)
 *(COMMON)
                0x2000001c                        . = ALIGN (0x4)
                0x2000001c                        _ebss = .
                0x2000001c                        __bss_end__ = _ebss

._user_heap_stack
                0x2000001c      0x604 load address 0x08000c4c
                0x20000020                        . = ALIGN (0x8)
 *fill*         0x2000001c        0x4 
                [!provide]                        PROVIDE (end = .)
                0x20000020                        PROVIDE (_end = .)
                0x20000220                        . = (. + _Min_Heap_Size)
 *fill*         0x20000020      0x200 
                0x20000620                        . = (. + _Min_Stack_Size)
 *fill*         0x20000220      0x400 
                0x20000620                        . = ALIGN (0x8)

/DISCARD/
 libc.a(*)
 libm.a(*)
 libgcc.a(*)

.ARM.attributes
                0x00000000       0x30
 *(.ARM.attributes)
 .ARM.attributes
                0x00000000       0x22 D:/STM32CubeIDE_2.0.0/STM32CubeIDE/plugins/com.st.stm32cube.ide.mcu.externaltools.gnu-tools-for-stm32.14.3.rel1.win32_1.0.100.202602081740/tools/bin/../lib/gcc/arm-none-eabi/14.3.1/thumb/v7e-m+fp/hard/crti.o
 .ARM.attributes
                0x00000022       0x34 D:/STM32CubeIDE_2.0.0/STM32CubeIDE/plugins/com.st.stm32cube.ide.mcu.externaltools.gnu-tools-for-stm32.14.3.rel1.win32_1.0.100.202602081740/tools/bin/../lib/gcc/arm-none-eabi/14.3.1/thumb/v7e-m+fp/hard/crtbegin.o
 .ARM.attributes
                0x00000056       0x34 ./Src/STM32f446re_GPIO.o
 .ARM.attributes
                0x0000008a       0x34 ./Src/STM32f446re_SPI_driver.o
 .ARM.attributes
                0x000000be       0x34 ./Src/spi_senddata.o
 .ARM.attributes
                0x000000f2       0x21 ./Startup/startup_stm32f446retx.o
 .ARM.attributes
                0x00000113       0x34 D:/STM32CubeIDE_2.0.0/STM32CubeIDE/plugins/com.st.stm32cube.ide.mcu.externaltools.gnu-tools-for-stm32.14.3.rel1.win32_1.0.100.202602081740/tools/bin/../lib/gcc/arm-none-eabi/14.3.1/../../../../arm-none-eabi/lib/thumb/v7e-m+fp/hard\libc_nano.a(libc_a-init.o)
 .ARM.attributes
                0x00000147       0x17 D:/STM32CubeIDE_2.0.0/STM32CubeIDE/plugins/com.st.stm32cube.ide.mcu.externaltools.gnu-tools-for-stm32.14.3.rel1.win32_1.0.100.202602081740/tools/bin/../lib/gcc/arm-none-eabi/14.3.1/../../../../arm-none-eabi/lib/thumb/v7e-m+fp/hard\libc_nano.a(libc_a-strlen.o)
 .ARM.attributes
                0x0000015e       0x22 D:/STM32CubeIDE_2.0.0/STM32CubeIDE/plugins/com.st.stm32cube.ide.mcu.externaltools.gnu-tools-for-stm32.14.3.rel1.win32_1.0.100.202602081740/tools/bin/../lib/gcc/arm-none-eabi/14.3.1/thumb/v7e-m+fp/hard/crtn.o
OUTPUT(SPI.elf elf32-littlearm)
LOAD linker stubs
LOAD D:/STM32CubeIDE_2.0.0/STM32CubeIDE/plugins/com.st.stm32cube.ide.mcu.externaltools.gnu-tools-for-stm32.14.3.rel1.win32_1.0.100.202602081740/tools/bin/../lib/gcc/arm-none-eabi/14.3.1/../../../../arm-none-eabi/lib/thumb/v7e-m+fp/hard\libc.a
LOAD D:/STM32CubeIDE_2.0.0/STM32CubeIDE/plugins/com.st.stm32cube.ide.mcu.externaltools.gnu-tools-for-stm32.14.3.rel1.win32_1.0.100.202602081740/tools/bin/../lib/gcc/arm-none-eabi/14.3.1/../../../../arm-none-eabi/lib/thumb/v7e-m+fp/hard\libm.a
LOAD D:/STM32CubeIDE_2.0.0/STM32CubeIDE/plugins/com.st.stm32cube.ide.mcu.externaltools.gnu-tools-for-stm32.14.3.rel1.win32_1.0.100.202602081740/tools/bin/../lib/gcc/arm-none-eabi/14.3.1/thumb/v7e-m+fp/hard\libgcc.a

.debug_info     0x00000000     0x117b
 .debug_info    0x00000000      0x784 ./Src/STM32f446re_GPIO.o
 .debug_info    0x00000784      0x546 ./Src/STM32f446re_SPI_driver.o
 .debug_info    0x00000cca      0x481 ./Src/spi_senddata.o
 .debug_info    0x0000114b       0x30 ./Startup/startup_stm32f446retx.o

.debug_abbrev   0x00000000      0x42a
 .debug_abbrev  0x00000000      0x152 ./Src/STM32f446re_GPIO.o
 .debug_abbrev  0x00000152      0x140 ./Src/STM32f446re_SPI_driver.o
 .debug_abbrev  0x00000292      0x174 ./Src/spi_senddata.o
 .debug_abbrev  0x00000406       0x24 ./Startup/startup_stm32f446retx.o

.debug_aranges  0x00000000      0x120
 .debug_aranges
                0x00000000       0x70 ./Src/STM32f446re_GPIO.o
 .debug_aranges
                0x00000070       0x50 ./Src/STM32f446re_SPI_driver.o
 .debug_aranges
                0x000000c0       0x38 ./Src/spi_senddata.o
 .debug_aranges
                0x000000f8       0x28 ./Startup/startup_stm32f446retx.o

.debug_rnglists
                0x00000000       0xce
 .debug_rnglists
                0x00000000       0x54 ./Src/STM32f446re_GPIO.o
 .debug_rnglists
                0x00000054       0x3b ./Src/STM32f446re_SPI_driver.o
 .debug_rnglists
                0x0000008f       0x26 ./Src/spi_senddata.o
 .debug_rnglists
                0x000000b5       0x19 ./Startup/startup_stm32f446retx.o

.debug_macro    0x00000000     0x26d4
 .debug_macro   0x00000000      0x152 ./Src/STM32f446re_GPIO.o
 .debug_macro   0x00000152      0xae4 ./Src/STM32f446re_GPIO.o
 .debug_macro   0x00000c36       0x22 ./Src/STM32f446re_GPIO.o
 .debug_macro   0x00000c58       0x8e ./Src/STM32f446re_GPIO.o
 .debug_macro   0x00000ce6       0x51 ./Src/STM32f446re_GPIO.o
 .debug_macro   0x00000d37      0x103 ./Src/STM32f446re_GPIO.o
 .debug_macro   0x00000e3a       0x6a ./Src/STM32f446re_GPIO.o
 .debug_macro   0x00000ea4      0x1df ./Src/STM32f446re_GPIO.o
 .debug_macro   0x00001083       0x61 ./Src/STM32f446re_GPIO.o
 .debug_macro   0x000010e4       0x2a ./Src/STM32f446re_GPIO.o
 .debug_macro   0x0000110e       0x43 ./Src/STM32f446re_GPIO.o
 .debug_macro   0x00001151       0x34 ./Src/STM32f446re_GPIO.o
 .debug_macro   0x00001185       0x16 ./Src/STM32f446re_GPIO.o
 .debug_macro   0x0000119b       0x9e ./Src/STM32f446re_GPIO.o
 .debug_macro   0x00001239      0x364 ./Src/STM32f446re_GPIO.o
 .debug_macro   0x0000159d      0x112 ./Src/STM32f446re_GPIO.o
 .debug_macro   0x000016af       0x10 ./Src/STM32f446re_GPIO.o
 .debug_macro   0x000016bf       0x16 ./Src/STM32f446re_GPIO.o
 .debug_macro   0x000016d5       0x4a ./Src/STM32f446re_GPIO.o
 .debug_macro   0x0000171f       0x34 ./Src/STM32f446re_GPIO.o
 .debug_macro   0x00001753       0x10 ./Src/STM32f446re_GPIO.o
 .debug_macro   0x00001763       0x58 ./Src/STM32f446re_GPIO.o
 .debug_macro   0x000017bb       0x8e ./Src/STM32f446re_GPIO.o
 .debug_macro   0x00001849       0x1c ./Src/STM32f446re_GPIO.o
 .debug_macro   0x00001865      0x17e ./Src/STM32f446re_GPIO.o
 .debug_macro   0x000019e3       0x16 ./Src/STM32f446re_GPIO.o
 .debug_macro   0x000019f9       0x16 ./Src/STM32f446re_GPIO.o
 .debug_macro   0x00001a0f      0x146 ./Src/STM32f446re_GPIO.o
 .debug_macro   0x00001b55      0x4e0 ./Src/STM32f446re_GPIO.o
 .debug_macro   0x00002035       0xca ./Src/STM32f446re_GPIO.o
 .debug_macro   0x000020ff      0x156 ./Src/STM32f446re_SPI_driver.o
 .debug_macro   0x00002255       0xbe ./Src/STM32f446re_SPI_driver.o
 .debug_macro   0x00002313      0x18d ./Src/spi_senddata.o
 .debug_macro   0x000024a0      0x190 ./Src/spi_senddata.o
 .debug_macro   0x00002630       0x10 ./Src/spi_senddata.o
 .debug_macro   0x00002640       0x3c ./Src/spi_senddata.o
 .debug_macro   0x0000267c       0x20 ./Src/spi_senddata.o
 .debug_macro   0x0000269c       0x1c ./Src/spi_senddata.o
 .debug_macro   0x000026b8       0x1c ./Src/spi_senddata.o

.debug_line     0x00000000     0x19d6
 .debug_line    0x00000000      0xaf7 ./Src/STM32f446re_GPIO.o
 .debug_line    0x00000af7      0x790 ./Src/STM32f446re_SPI_driver.o
 .debug_line    0x00001287      0x6d4 ./Src/spi_senddata.o
 .debug_line    0x0000195b       0x7b ./Startup/startup_stm32f446retx.o

.debug_str      0x00000000     0x99f9
 .debug_str     0x00000000     0x99f9 ./Src/STM32f446re_GPIO.o
                               0x96c3 (size before relaxing)
 .debug_str     0x000099f9     0x966f ./Src/STM32f446re_SPI_driver.o
 .debug_str     0x000099f9     0x98a5 ./Src/spi_senddata.o
 .debug_str     0x000099f9       0x5a ./Startup/startup_stm32f446retx.o

.comment        0x00000000       0x43
 .comment       0x00000000       0x43 ./Src/STM32f446re_GPIO.o
                                 0x44 (size before relaxing)
 .comment       0x00000043       0x44 ./Src/STM32f446re_SPI_driver.o
 .comment       0x00000043       0x44 ./Src/spi_senddata.o

.debug_frame    0x00000000      0x398
 .debug_frame   0x00000000      0x1a0 ./Src/STM32f446re_GPIO.o
 .debug_frame   0x000001a0      0x10c ./Src/STM32f446re_SPI_driver.o
 .debug_frame   0x000002ac       0xa0 ./Src/spi_senddata.o
 .debug_frame   0x0000034c       0x2c D:/STM32CubeIDE_2.0.0/STM32CubeIDE/plugins/com.st.stm32cube.ide.mcu.externaltools.gnu-tools-for-stm32.14.3.rel1.win32_1.0.100.202602081740/tools/bin/../lib/gcc/arm-none-eabi/14.3.1/../../../../arm-none-eabi/lib/thumb/v7e-m+fp/hard\libc_nano.a(libc_a-init.o)
 .debug_frame   0x00000378       0x20 D:/STM32CubeIDE_2.0.0/STM32CubeIDE/plugins/com.st.stm32cube.ide.mcu.externaltools.gnu-tools-for-stm32.14.3.rel1.win32_1.0.100.202602081740/tools/bin/../lib/gcc/arm-none-eabi/14.3.1/../../../../arm-none-eabi/lib/thumb/v7e-m+fp/hard\libc_nano.a(libc_a-strlen.o)

.debug_line_str
                0x00000000       0x3e
 .debug_line_str
                0x00000000       0x3e ./Startup/startup_stm32f446retx.o
